/* 自定义编码; 字库版本:V112 */

/* 字 0xb1b1*/
/* 库 0xb1b2*/
/* 版 0xb1b3*/
/* 本 0xb1b4*/
/* 参 0xb1b5*/
/* 数 0xb1b6*/
/* 初 0xb1b7*/
/* 始 0xb1b8*/
/* 化 0xb1b9*/
/* 历 0xb1ba*/
/* 史 0xb1bb*/
/* 故 0xb1bc*/
/* 障 0xb1bd*/
/* 测 0xb1be*/
/* 试 0xb1bf*/
/* 项 0xb1c0*/
/* 目 0xb1c1*/
/* 煲 0xb1c2*/
/* 机 0xb1c3*/
/* 通 0xb1c4*/
/* 讯 0xb1c5*/
/* 按 0xb1c6*/
/* 键 0xb1c7*/
/* 输 0xb1c8*/
/* 入 0xb1c9*/
/* 液 0xb1ca*/
/* 晶 0xb1cb*/
/* 时 0xb1cc*/
/* 钟 0xb1cd*/
/* 下 0xb1ce*/
/* 载 0xb1cf*/
/* 间 0xb1d0*/
/* 分 0xb1d1*/
/* 秒 0xb1d2*/
/* 成 0xb1d3*/
/* 功 0xb1d4*/
/* 次 0xb1d5*/
/* 超 0xb1d6*/
/* 校 0xb1d7*/
/* 验 0xb1d8*/
/* 失 0xb1d9*/
/* 败 0xb1da*/
/* 值 0xb1db*/
/* 向 0xb1dc*/
/* 上 0xb1dd*/
/* 和 0xb1de*/
/* 复 0xb1df*/
/* 位 0xb1e0*/
/* 退 0xb1e1*/
/* 出 0xb1e2*/
/* 温 0xb1e3*/
/* 度 0xb1e4*/
/* 压 0xb1e5*/
/* 力 0xb1e6*/
/* 传 0xb1e7*/
/* 感 0xb1e8*/
/* 器 0xb1e9*/
/* 类 0xb1ea*/
/* 型 0xb1eb*/
/* ※ 0xb1ec*/
/* 设 0xb1ed*/
/* 定 0xb1ee*/
/* 进 0xb1ef*/
/* 行 0xb1f0*/
/* 完 0xb1f1*/
/* 毕 0xb1f2*/
/* 要 0xb1f3*/
/* 中 0xb1f4*/
/* 结 0xb1f5*/
/* 束 0xb1f6*/
/* 容 0xb1f7*/
/* 量 0xb1f8*/
/* 系 0xb1f9*/
/* 统 0xb1fa*/
/* 回 0xb1fb*/
/* 环 0xb1fc*/
/* 境 0xb1fd*/
/* 置 0xb1fe*/
/* 无 0xb1ff*/
/* 其 0xb200*/
/* 它 0xb201*/
/* 冷 0xb202*/
/* 却 0xb203*/
/* 水 0xb204*/
/* 凝 0xb205*/
/* 翅 0xb206*/
/* 片 0xb207*/
/* 蒸 0xb208*/
/* 发 0xb209*/
/* 排 0xb20a*/
/* 气 0xb20b*/
/* 高 0xb20c*/
/* 低 0xb20d*/
/* 工 0xb20e*/
/* 作 0xb20f*/
/* 模 0xb210*/
/* 式 0xb211*/
/* 控 0xb212*/
/* 制 0xb213*/
/* 块 0xb214*/
/* 禁 0xb215*/
/* 止 0xb216*/
/* 强 0xb217*/
/* 除 0xb218*/
/* 霜 0xb219*/
/* 独 0xb21a*/
/* 立 0xb21b*/
/* 共 0xb21c*/
/* 用 0xb21d*/
/* 热 0xb21e*/
/* 送 0xb21f*/
/* 风 0xb220*/
/* 报 0xb221*/
/* 警 0xb222*/
/* 停 0xb223*/
/* 运 0xb224*/
/* 延 0xb225*/
/* 防 0xb226*/
/* 冻 0xb227*/
/* 预 0xb228*/
/* 户 0xb229*/
/* 查 0xb22a*/
/* 询 0xb22b*/
/* 当 0xb22c*/
/* 前 0xb22d*/
/* 组 0xb22e*/
/* 信 0xb22f*/
/* 息 0xb230*/
/* 使 0xb231*/
/* 方 0xb232*/
/* 一 0xb233*/
/* 星 0xb234*/
/* 期 0xb235*/
/* 任 0xb236*/
/* 意 0xb237*/
/* 开 0xb238*/
/* 关 0xb239*/
/* 取 0xb23a*/
/* 消 0xb23b*/
/* 第 0xb23c*/
/* 二 0xb23d*/
/* 重 0xb23e*/
/* 日 0xb23f*/
/* 语 0xb240*/
/* 言 0xb241*/
/* 选 0xb242*/
/* 择 0xb243*/
/* 自 0xb244*/
/* 检 0xb245*/
/* 文 0xb246*/
/* 缩 0xb247*/
/* 电 0xb248*/
/* 加 0xb249*/
/* 年 0xb24a*/
/* 月 0xb24b*/
/* 三 0xb24c*/
/* 四 0xb24d*/
/* 五 0xb24e*/
/* 六 0xb24f*/
/* 板 0xb250*/
/* 阀 0xb251*/
/* 指 0xb252*/
/* 示 0xb253*/
/* 空 0xb254*/
/* 调 0xb255*/
/* 泵 0xb256*/
/* 井 0xb257*/
/* 旁 0xb258*/
/* 塔 0xb259*/
/* 修 0xb25a*/
/* 改 0xb25b*/
/* 密 0xb25c*/
/* 码 0xb25d*/
/* 提 0xb25e*/
/* 醒 0xb25f*/
/* 小 0xb260*/
/* 能 0xb261*/
/* 启 0xb262*/
/* 倒 0xb263*/
/* 计 0xb264*/
/* 将 0xb265*/
/* 于 0xb266*/
/* 请 0xb267*/
/* 在 0xb268*/
/* 此 0xb269*/
/* 之 0xb26a*/
/* 与 0xb26b*/
/* 厂 0xb26c*/
/* 家 0xb26d*/
/* 联 0xb26e*/
/* 到 0xb26f*/
/* 正 0xb270*/
/* 确 0xb271*/
/* 过 0xb272*/
/* 连 0xb273*/
/* 续 0xb274*/
/* 错 0xb275*/
/* 误 0xb276*/
/* 是 0xb277*/
/* 否 0xb278*/
/* 号 0xb279*/
/* 最 0xb27a*/
/* 大 0xb27b*/
/* 切 0xb27c*/
/* 换 0xb27d*/
/* 远 0xb27e*/
/* 程 0xb27f*/
/* 屏 0xb280*/
/* 保 0xb281*/
/* 来 0xb282*/
/* 动 0xb283*/
/* 对 0xb284*/
/* 象 0xb285*/
/* 探 0xb286*/
/* 头 0xb287*/
/* 频 0xb288*/
/* 繁 0xb289*/
/* 至 0xb28a*/
/* 少 0xb28b*/
/* 周 0xb28c*/
/* 般 0xb28d*/
/* 流 0xb28e*/
/* 不 0xb28f*/
/* 足 0xb290*/
/* 可 0xb291*/
/* 差 0xb292*/
/* 护 0xb293*/
/* 源 0xb294*/
/* 限 0xb295*/
/* 偏 0xb296*/
/* 卸 0xb297*/
/* 线 0xb298*/
/* 外 0xb299*/
/* 部 0xb29a*/
/* 锁 0xb29b*/
/* 相 0xb29c*/
/* 单 0xb29d*/
/* 暖 0xb29e*/
/* 拨 0xb29f*/
/* 脉 0xb2a0*/
/* 冲 0xb2a1*/
/* 手 0xb2a2*/
/* 媒 0xb2a3*/
/* 路 0xb2a4*/
/* 激 0xb2a5*/
/* 活 0xb2a6*/
/* 油 0xb2a7*/
/* 磁 0xb2a8*/
/* 喷 0xb2a9*/
/* 歇 0xb2aa*/
/* 常 0xb2ab*/
/* 闭 0xb2ac*/
/* 允 0xb2ad*/
/* 许 0xb2ae*/
/* ℃ 0xb2af*/
/* 逆 0xb2b0*/
/* 据 0xb2b1*/
/* 维 0xb2b2*/
/* 新 0xb2b3*/
/* 认 0xb2b4*/
/* 拟 0xb2b5*/
/* 螺 0xb2b6*/
/* 杆 0xb2b7*/
/* 主 0xb2b8*/
/* 接 0xb2b9*/
/* 触 0xb2ba*/
/* 角 0xb2bb*/
/* 　 0xb2bc*/
/* 绕 0xb2bd*/
/* 端 0xb2be*/
/* 口 0xb2bf*/
/* 义 0xb2c0*/
/* 补 0xb2c1*/
/* 偿 0xb2c2*/
/* 级 0xb2c3*/
/* 别 0xb2c4*/
/* 非 0xb2c5*/
/* 满 0xb2c6*/
/* 网 0xb2c7*/
/* 节 0xb2c8*/
/* 后 0xb2c9*/
/* 隔 0xb2ca*/
/* 持 0xb2cb*/
/* 冰 0xb2cc*/
/* 滤 0xb2cd*/
/* 堵 0xb2ce*/
/* 塞 0xb2cf*/
/* 异 0xb2d0*/
/* 、 0xb2d1*/
/* 直 0xb2d2*/
/* 富 0xb2d3*/
/* 士 0xb2d4*/
/* 豪 0xb2d5*/
/* 七 0xb2d6*/
/* 八 0xb2d7*/
/* 湿 0xb2d8*/
/* 串 0xb2d9*/
/* 及 0xb2da*/
/* 迅 0xb2db*/
/* 断 0xb2dc*/
/* 桶 0xb2dd*/
/* 须 0xb2de*/
/* 更 0xb2df*/
/* 待 0xb2e0*/
/* 操 0xb2e1*/
/* 为 0xb2e2*/
/* 名 0xb2e3*/
/* 称 0xb2e4*/
/* 寿 0xb2e5*/
/* 命 0xb2e6*/
/* 写 0xb2e7*/
/* 收 0xb2e8*/
/* 客 0xb2e9*/
/* 显 0xb2ea*/
/* 北 0xb2eb*/
/* 京 0xb2ec*/
/* 金 0xb2ed*/
/* 万 0xb2ee*/
/* 众 0xb2ef*/
/* 德 0xb2f0*/
/* 州 0xb2f1*/
/* 亚 0xb2f2*/
/* 太 0xb2f3*/
/* 集 0xb2f4*/
/* 团 0xb2f5*/
/* 变 0xb2f6*/
/* 造 0xb2f7*/
/* 继 0xb2f8*/
/* 暂 0xb2f9*/
/* 死 0xb2fa*/
/* 区 0xb2fb*/
/* 恢 0xb2fc*/
/* 范 0xb2fd*/
/* 围 0xb2fe*/
/* 双 0xb2ff*/
/* 极 0xb300*/
/* 膜 0xb301*/
/* 段 0xb302*/
/* 欢 0xb303*/
/* 迎 0xb304*/
/* 催 0xb305*/
/* 款 0xb306*/
/* 已 0xb307*/
/* 生 0xb308*/
/* 产 0xb309*/
/* 格 0xb30a*/
/* 合 0xb30b*/
/* 再 0xb30c*/
/* 降 0xb30d*/
/* 循 0xb30e*/
/* 广 0xb30f*/
/* 东 0xb310*/
/* 志 0xb311*/
/* 莞 0xb312*/
/* 百 0xb313*/
/* 多 0xb314*/
/* 海 0xb315*/
/* 天 0xb316*/
/* 康 0xb317*/
/* 伊 0xb318*/
/* 莱 0xb319*/
/* 克 0xb31a*/
/* 斯 0xb31b*/
/* 个 0xb31c*/
/* 即 0xb31d*/
/* 侧 0xb31e*/
/* 抖 0xb31f*/
/* 现 0xb320*/
/* 代 0xb321*/
/* 械 0xb322*/
/* 吉 0xb323*/
/* 美 0xb324*/
/* 台 0xb325*/
/* 点 0xb326*/
/* 九 0xb327*/
/* 污 0xb328*/
/* 染 0xb329*/
/* 毒 0xb32a*/
/* 氧 0xb32b*/
/* 碳 0xb32c*/
/* 半 0xb32d*/
/* 径 0xb32e*/
/* 以 0xb32f*/
/* 由 0xb330*/
/* 西 0xb331*/
/* 澳 0xb332*/
/* 欧 0xb333*/
/* 洲 0xb334*/
/* 湾 0xb335*/
/* 隐 0xb336*/
/* 藏 0xb337*/
/* 励 0xb338*/
/* 膨 0xb339*/
/* 胀 0xb33a*/
/* 转 0xb33b*/
/* 标 0xb33c*/
/* 带 0xb33d*/
/* 元 0xb33e*/
/* 掉 0xb33f*/
/* 记 0xb340*/
/* 忆 0xb341*/
/* 快 0xb342*/
/* 倍 0xb343*/
/* 物 0xb344*/
/* 露 0xb345*/
/* 滴 0xb346*/
/* 干 0xb347*/
/* 球 0xb348*/
/* 包 0xb349*/
/* 含 0xb34a*/
/* 匹 0xb34b*/
/* 饱 0xb34c*/
/* 越 0xb34d*/
/* 溶 0xb34e*/
/* 储 0xb34f*/
/* 存 0xb350*/
/* 配 0xb351*/
/* 导 0xb352*/
/* 跳 0xb353*/
/* 旧 0xb354*/
/* 妥 0xb355*/
/* 善 0xb356*/
/* 管 0xb357*/
/* 处 0xb358*/
/* 理 0xb359*/
/* 额 0xb35a*/
/* 备 0xb35b*/
/* 音 0xb35c*/
/* 状 0xb35d*/
/* 态 0xb35e*/
/* 率 0xb35f*/
/* 恒 0xb360*/
/* 室 0xb361*/
/* 同 0xb362*/
/* 比 0xb363*/
/* 背 0xb364*/
/* 光 0xb365*/
/* 累 0xb366*/
/* 地 0xb367*/
/* 短 0xb368*/
/* 需 0xb369*/
/* 移 0xb36a*/
/* 返 0xb36b*/
/* 菜 0xb36c*/
/* 清 0xb36d*/
/* 零 0xb36e*/
/* 性 0xb36f*/
/* 负 0xb370*/
/* 缺 0xb371*/
/* 灯 0xb372*/
/* 蜂 0xb373*/
/* 鸣 0xb374*/
/* 叫 0xb375*/
/* 全 0xb376*/
/* 坏 0xb377*/
/* 录 0xb378*/
/* 逐 0xb379*/
/* 道 0xb37a*/
/* 序 0xb37b*/
/* 果 0xb37c*/
/* 市 0xb37d*/
/* 邦 0xb37e*/
/* 普 0xb37f*/
/* 脑 0xb380*/
/* 技 0xb381*/
/* 术 0xb382*/
/* 有 0xb383*/
/* 公 0xb384*/
/* 司 0xb385*/
/* 解 0xb386*/
/* 编 0xb387*/
/* 升 0xb388*/
/* 界 0xb389*/
/* 缓 0xb38a*/
/* 人 0xb38b*/
/* 归 0xb38c*/
/* 喇 0xb38d*/
/* 叭 0xb38e*/
/* 图 0xb38f*/
/* 准 0xb390*/
/* 驱 0xb391*/
/* 总 0xb392*/
/* 打 0xb393*/
/* 击 0xb394*/
/* 优 0xb395*/
/* 先 0xb396*/
/* 南 0xb397*/
/* 微 0xb398*/
/* 积 0xb399*/
/* 放 0xb39a*/
/* 弃 0xb39b*/
/* 忽 0xb39c*/
/* 略 0xb39d*/
/* 扇 0xb39e*/
/* 泽 0xb39f*/
/* 尔 0xb3a0*/
/* 步 0xb3a1*/
/* 骤 0xb3a2*/
/* 摄 0xb3a3*/
/* 氏 0xb3a4*/
/* 华 0xb3a5*/
/* 辅 0xb3a6*/
/* 助 0xb3a7*/
/* 情 0xb3a8*/
/* 况 0xb3a9*/
/* 河 0xb3aa*/
/* 飞 0xb3ab*/
/* 责 0xb3ac*/
/* 话 0xb3ad*/
/* 整 0xb3ae*/
/* 响 0xb3af*/
/* 应 0xb3b0*/
/* 例 0xb3b1*/
/* 叠 0xb3b2*/
/* 浦 0xb3b3*/
/* 反 0xb3b4*/
/* 表 0xb3b5*/
/* 资 0xb3b6*/
/* 稳 0xb3b7*/
/* 迟 0xb3b8*/
/* 的 0xb3b9*/
/* 互 0xb3ba*/
/* 圈 0xb3bb*/
/* 匝 0xb3bc*/
/* 给 0xb3bd*/
/* 或 0xb3be*/
/* 体 0xb3bf*/
/* 紧 0xb3c0*/
/* 急 0xb3c1*/
/* 效 0xb3c2*/
/* 硅 0xb3c3*/
/* 磨 0xb3c4*/
/* 具 0xb3c5*/
/* 托 0xb3c6*/
/* 达 0xb3c7*/
/* 商 0xb3c8*/
/* 务 0xb3c9*/
/* 偶 0xb3ca*/
/* 件 0xb3cb*/
/* 泄 0xb3cc*/
/* 增 0xb3cd*/
/* 冗 0xb3ce*/
/* 余 0xb3cf*/
/* 址 0xb3d0*/
/* 蓄 0xb3d1*/
/* 种 0xb3d2*/
/* 稼 0xb3d3*/
/* 实 0xb3d4*/
/* 际 0xb3d5*/
/* 研 0xb3d6*/
/* 吸 0xb3d7*/
/* 受 0xb3d8*/
/* 速 0xb3d9*/
/* 首 0xb3da*/
/* 算 0xb3db*/
/* 法 0xb3dc*/
/* 拔 0xb3dd*/
/* 仅 0xb3de*/
/* 拍 0xb3df*/
/* 右 0xb3e0*/
/* 滑 0xb3e1*/
/* 慢 0xb3e2*/
/* 等 0xb3e3*/
/* 您 0xb3e4*/
/* 服 0xb3e5*/
/* 便 0xb3e6*/
/* 良 0xb3e7*/
/* 垢 0xb3e8*/
/* 面 0xb3e9*/
/* 氟 0xb3ea*/
/* 逻 0xb3eb*/
/* 辑 0xb3ec*/
/* 未 0xb3ed*/
/* 内 0xb3ee*/
/* 润 0xb3ef*/
/* 削 0xb3f0*/
/* 约 0xb3f1*/
/* 硬 0xb3f2*/
/* 刷 0xb3f3*/
/* 考 0xb3f4*/
/* 注 0xb3f5*/
/* 把 0xb3f6*/
/* 如 0xb3f7*/
/* 占 0xb3f8*/
/* 平 0xb3f9*/
/* 则 0xb3fa*/
/* 才 0xb3fb*/
/* 并 0xb3fc*/
/* 充 0xb3fd*/
/* 该 0xb3fe*/
/* 且 0xb3ff*/
/* 见 0xb400*/
/* 说 0xb401*/
/* 明 0xb402*/
/* 这 0xb403*/
/* 千 0xb404*/
/* 监 0xb405*/
/* 十 0xb406*/
/* 求 0xb407*/
/* 折 0xb408*/
/* 然 0xb409*/
/* 从 0xb40a*/
/* 穿 0xb40b*/
/* 几 0xb40c*/
/* 样 0xb40d*/
/* 就 0xb40e*/
/* 而 0xb40f*/
/* 了 0xb410*/
/* 只 0xb411*/
/* 若 0xb412*/
/* 仍 0xb413*/
/* 执 0xb414*/
/* 经 0xb415*/
/* 还 0xb416*/
/* 条 0xb417*/
/* 但 0xb418*/
/* 适 0xb419*/
/* 默 0xb41a*/
/* 根 0xb41b*/
/* 没 0xb41c*/
/* 损 0xb41d*/
/* 灵 0xb41e*/
/* 引 0xb41f*/
/* 起 0xb420*/
/* 较 0xb421*/
/* 也 0xb422*/
/* 两 0xb423*/
/* 所 0xb424*/
/* 交 0xb425*/
/* 替 0xb426*/
/* 必 0xb427*/
/* 致 0xb428*/
/* 门 0xb429*/
/* 震 0xb42a*/
/* 荡 0xb42b*/
/* 尝 0xb42c*/
/* 做 0xb42d*/
/* 刚 0xb42e*/
/* 去 0xb42f*/
/* 漏 0xb430*/
/* 箱 0xb431*/
/* 读 0xb432*/
/* 济 0xb433*/
/* 装 0xb434*/
/* 都 0xb435*/
/* 抽 0xb436*/
/* 汽 0xb437*/
/* 形 0xb438*/
/* 亮 0xb439*/
/* 轮 0xb43a*/
/* 旦 0xb43b*/
/* 影 0xb43c*/
/* 浮 0xb43d*/
/* 填 0xb43e*/
/* 阶 0xb43f*/
/* 何 0xb440*/
/* 另 0xb441*/
/* 因 0xb442*/
/* 原 0xb443*/
/* 闪 0xb444*/
/* 烁 0xb445*/
/* 波 0xb446*/
/* 材 0xb447*/
/* 料 0xb448*/
/* 燥 0xb449*/
/* 避 0xb44a*/
/* 免 0xb44b*/
/* 得 0xb44c*/
/* 灭 0xb44d*/
/* 罗 0xb44e*/
/* 茨 0xb44f*/
/* 会 0xb450*/
/* 熄 0xb451*/
/* 特 0xb452*/
/* 殊 0xb453*/
/* 「 0xb454*/
/* 」 0xb455*/
/* ／ 0xb456*/
/* 《 0xb457*/
/* 》 0xb458*/
/* 【 0xb459*/
/* 】 0xb45a*/
/* “ 0xb45b*/
/* ” 0xb45c*/
/* ＝ 0xb45d*/
/* △ 0xb45e*/
/* ▽ 0xb45f*/
/* × 0xb460*/
/* ︱ 0xb461*/
/* ★ 0xb462*/
/* 阳 0xb463*/
/* 扩 0xb464*/
/* 展 0xb465*/
/* 规 0xb466*/
/* 糊 0xb467*/
/* 贝 0xb468*/
/* 浙 0xb469*/
/* 江 0xb46a*/
/* 国 0xb46b*/
/* 祥 0xb46c*/
/* 山 0xb46d*/
/* 威 0xb46e*/
/* 瑞 0xb46f*/
/* 兴 0xb470*/
/* 央 0xb471*/
/* 苏 0xb472*/
/* 瀚 0xb473*/
/* 艺 0xb474*/
/* 股 0xb475*/
/* 份 0xb476*/
/* 科 0xb477*/
/* 永 0xb478*/
/* 凌 0xb479*/
/* 静 0xb47a*/
/* 深 0xb47b*/
/* 圳 0xb47c*/
/* 浩 0xb47d*/
/* 博 0xb47e*/
/* 冬 0xb47f*/
/* 青 0xb480*/
/* 岛 0xb481*/
/* 奥 0xb482*/
/* 利 0xb483*/
/* 凯 0xb484*/
/* 绿 0xb485*/
/* 宏 0xb486*/
/* 迪 0xb487*/
/* 业 0xb488*/
/* 尽 0xb489*/
/* ① 0xb48a*/
/* ② 0xb48b*/
/* ③ 0xb48c*/
/* ④ 0xb48d*/
/* ⑤ 0xb48e*/
/* ⑥ 0xb48f*/
/* ⑦ 0xb490*/
/* ⑧ 0xb491*/
/* ⑨ 0xb492*/
/* ⑩ 0xb493*/
/* （ 0xb494*/
/* ） 0xb495*/
/* 易 0xb496*/
/* 精 0xb497*/
/* 仪 0xb498*/
/* 奇 0xb499*/
/* 雷 0xb49a*/
/* 子 0xb49b*/
/* 柜 0xb49c*/
/* 洗 0xb49d*/
/* 散 0xb49e*/
/* 介 0xb49f*/
/* 质 0xb4a0*/
/* 脏 0xb4a1*/
/* 畅 0xb4a2*/
/* 芯 0xb4a3*/
/* 盘 0xb4a4*/
/* 稍 0xb4a5*/
/* 插 0xb4a6*/
/* 证 0xb4a7*/
/* 握 0xb4a8*/
/* 识 0xb4a9*/
/* 曲 0xb4aa*/
/* 轴 0xb4ab*/
/* 雪 0xb4ac*/
/* 英 0xb4ad*/
/* 险 0xb4ae*/
/* 丝 0xb4af*/
/* 简 0xb4b0*/
/* 杀 0xb4b1*/
/* 菌 0xb4b2*/
/* 顿 0xb4b3*/
/* 汉 0xb4b4*/
/* 布 0xb4b5*/
/* 什 0xb4b6*/
/* 楼 0xb4b7*/
/* 宇 0xb4b8*/
/* 吹 0xb4b9*/
/* 浸 0xb4ba*/
/* 房 0xb4bb*/
/* 基 0xb4bc*/
/* 站 0xb4bd*/
/* 欠 0xb4be*/
/* 衡 0xb4bf*/
/* 脱 0xb4c0*/
/* 离 0xb4c1*/
/* 告 0xb4c2*/
/* 书 0xb4c3*/
/* 严 0xb4c4*/
/* ！ 0xb4c5*/
/* 。 0xb4c6*/
/* ？ 0xb4c7*/
/* 臭 0xb4c8*/
/* 紫 0xb4c9*/
/* 长 0xb4ca*/
/* 焓 0xb4cb*/
/* 页 0xb4cc*/
/* 罐 0xb4cd*/
/* ％ 0xb4ce*/
/* 摸 0xb4cf*/
/* 浓 0xb4d0*/
/* 架 0xb4d1*/
/* 权 0xb4d2*/
/* 帧 0xb4d3*/
/* 协 0xb4d4*/
/* 议 0xb4d5*/
/* 季 0xb4d6*/
/* 今 0xb4d7*/
/* 睡 0xb4d8*/
/* 眠 0xb4d9*/
/* 候 0xb4da*/
/* 混 0xb4db*/
/* 废 0xb4dc*/
/* 品 0xb4dd*/
/* 振 0xb4de*/
/* 边 0xb4df*/
/* 场 0xb4e0*/
/* 融 0xb4e1*/
/* 均 0xb4e2*/
/* 阻 0xb4e3*/
/* Ω 0xb4e4*/
/* 底 0xb4e5*/
/* 近 0xb4e6*/
/* 列 0xb4e7*/
/* 浴 0xb4e8*/
/* 池 0xb4e9*/
/* 析 0xb4ea*/
/* 粗 0xb4eb*/
/* 敬 0xb4ec*/
/* 幅 0xb4ed*/
/* 舒 0xb4ee*/
/* 供 0xb4ef*/
/* ▲ 0xb4f0*/
/* ▼ 0xb4f1*/
/* 渡 0xb4f2*/
/* 采 0xb4f3*/
/* 夏 0xb4f4*/
/* 赛 0xb4f5*/
/* 寒 0xb4f6*/
/* 母 0xb4f7*/
/* 弱 0xb4f8*/
/* 留 0xb4f9*/
/* 慧 0xb4fa*/
/* 云 0xb4fb*/
/* 班 0xb4fc*/
/* 烘 0xb4fd*/
/* 火 0xb4fe*/
/* 灾 0xb4ff*/
/* 荷 0xb500*/
/* 敏 0xb501*/
/* 夜 0xb502*/
/* 晚 0xb503*/
